// Jest Snapshot v1, https://goo.gl/fbAQLP

exports[`Button should render according to snapshot 1`] = `
<button
  className="btn"
>
  Amazing text
</button>
`;
