// Jest Snapshot v1, https://goo.gl/fbAQLP

exports[`Container should render with children according to snapshot 1`] = `
<div
  className="container"
>
  <div>
    something
  </div>
</div>
`;
