// Jest Snapshot v1, https://goo.gl/fbAQLP

exports[`Container should render according to snapshot 1`] = `
<div
  className="experiment-button undefined undefined"
>
  Press me
</div>
`;
